[     308ms] [ERROR] Failed to load resource: the server responded with a status of 401 () @ https://api.practicesoftwaretesting.com/users/me:0
[     340ms] [LOG] Initializing Google Analytics 4: G-0BJFXRKTYC @ https://practicesoftwaretesting.com/chunk-4EZ6YPXQ.js:0
[     355ms] [ERROR] ERROR TypeError: Cannot read properties of undefined (reading 'cart_items')
    at template (https://practicesoftwaretesting.com/chunk-INL72T3J.js:1:29496)
    at Vm (https://practicesoftwaretesting.com/chunk-JBAH3FYV.js:7:39700)
    at GC (https://practicesoftwaretesting.com/chunk-JBAH3FYV.js:7:48997)
    at rd (https://practicesoftwaretesting.com/chunk-JBAH3FYV.js:7:50165)
    at Xm (https://practicesoftwaretesting.com/chunk-JBAH3FYV.js:7:49997)
    at WC (https://practicesoftwaretesting.com/chunk-JBAH3FYV.js:7:49953)
    at ev (https://practicesoftwaretesting.com/chunk-JBAH3FYV.js:7:50344)
    at GC (https://practicesoftwaretesting.com/chunk-JBAH3FYV.js:7:49352)
    at rd (https://practicesoftwaretesting.com/chunk-JBAH3FYV.js:7:50165)
    at Xm (https://practicesoftwaretesting.com/chunk-JBAH3FYV.js:7:49997) @ https://practicesoftwaretesting.com/chunk-JBAH3FYV.js:6
[     356ms] [ERROR] ERROR TypeError: Cannot read properties of undefined (reading 'cart_items')
    at template (https://practicesoftwaretesting.com/chunk-INL72T3J.js:1:29496)
    at Vm (https://practicesoftwaretesting.com/chunk-JBAH3FYV.js:7:39700)
    at GC (https://practicesoftwaretesting.com/chunk-JBAH3FYV.js:7:48997)
    at rd (https://practicesoftwaretesting.com/chunk-JBAH3FYV.js:7:50165)
    at Xm (https://practicesoftwaretesting.com/chunk-JBAH3FYV.js:7:49997)
    at WC (https://practicesoftwaretesting.com/chunk-JBAH3FYV.js:7:49953)
    at ev (https://practicesoftwaretesting.com/chunk-JBAH3FYV.js:7:50344)
    at GC (https://practicesoftwaretesting.com/chunk-JBAH3FYV.js:7:49352)
    at rd (https://practicesoftwaretesting.com/chunk-JBAH3FYV.js:7:50165)
    at Xm (https://practicesoftwaretesting.com/chunk-JBAH3FYV.js:7:49997) @ https://practicesoftwaretesting.com/chunk-JBAH3FYV.js:6
[     363ms] [ERROR] ERROR TypeError: Cannot read properties of undefined (reading 'cart_items')
    at template (https://practicesoftwaretesting.com/chunk-INL72T3J.js:1:29496)
    at Vm (https://practicesoftwaretesting.com/chunk-JBAH3FYV.js:7:39700)
    at GC (https://practicesoftwaretesting.com/chunk-JBAH3FYV.js:7:48997)
    at rd (https://practicesoftwaretesting.com/chunk-JBAH3FYV.js:7:50165)
    at Xm (https://practicesoftwaretesting.com/chunk-JBAH3FYV.js:7:49997)
    at WC (https://practicesoftwaretesting.com/chunk-JBAH3FYV.js:7:49953)
    at ev (https://practicesoftwaretesting.com/chunk-JBAH3FYV.js:7:50344)
    at GC (https://practicesoftwaretesting.com/chunk-JBAH3FYV.js:7:49352)
    at rd (https://practicesoftwaretesting.com/chunk-JBAH3FYV.js:7:50165)
    at Xm (https://practicesoftwaretesting.com/chunk-JBAH3FYV.js:7:49997) @ https://practicesoftwaretesting.com/chunk-JBAH3FYV.js:6
[     364ms] [ERROR] Failed to load resource: the server responded with a status of 401 () @ https://api.practicesoftwaretesting.com/users/me:0
[     366ms] [ERROR] ERROR TypeError: Cannot read properties of undefined (reading 'cart_items')
    at template (https://practicesoftwaretesting.com/chunk-INL72T3J.js:1:29496)
    at Vm (https://practicesoftwaretesting.com/chunk-JBAH3FYV.js:7:39700)
    at GC (https://practicesoftwaretesting.com/chunk-JBAH3FYV.js:7:48997)
    at rd (https://practicesoftwaretesting.com/chunk-JBAH3FYV.js:7:50165)
    at Xm (https://practicesoftwaretesting.com/chunk-JBAH3FYV.js:7:49997)
    at WC (https://practicesoftwaretesting.com/chunk-JBAH3FYV.js:7:49953)
    at ev (https://practicesoftwaretesting.com/chunk-JBAH3FYV.js:7:50344)
    at GC (https://practicesoftwaretesting.com/chunk-JBAH3FYV.js:7:49352)
    at rd (https://practicesoftwaretesting.com/chunk-JBAH3FYV.js:7:50165)
    at Xm (https://practicesoftwaretesting.com/chunk-JBAH3FYV.js:7:49997) @ https://practicesoftwaretesting.com/chunk-JBAH3FYV.js:6
[     367ms] [ERROR] ERROR TypeError: Cannot read properties of undefined (reading 'cart_items')
    at template (https://practicesoftwaretesting.com/chunk-INL72T3J.js:1:29496)
    at Vm (https://practicesoftwaretesting.com/chunk-JBAH3FYV.js:7:39700)
    at GC (https://practicesoftwaretesting.com/chunk-JBAH3FYV.js:7:48997)
    at rd (https://practicesoftwaretesting.com/chunk-JBAH3FYV.js:7:50165)
    at Xm (https://practicesoftwaretesting.com/chunk-JBAH3FYV.js:7:49997)
    at WC (https://practicesoftwaretesting.com/chunk-JBAH3FYV.js:7:49953)
    at ev (https://practicesoftwaretesting.com/chunk-JBAH3FYV.js:7:50344)
    at GC (https://practicesoftwaretesting.com/chunk-JBAH3FYV.js:7:49352)
    at rd (https://practicesoftwaretesting.com/chunk-JBAH3FYV.js:7:50165)
    at Xm (https://practicesoftwaretesting.com/chunk-JBAH3FYV.js:7:49997) @ https://practicesoftwaretesting.com/chunk-JBAH3FYV.js:6
[     370ms] [ERROR] ERROR TypeError: Cannot read properties of undefined (reading 'cart_items')
    at template (https://practicesoftwaretesting.com/chunk-INL72T3J.js:1:29496)
    at Vm (https://practicesoftwaretesting.com/chunk-JBAH3FYV.js:7:39700)
    at GC (https://practicesoftwaretesting.com/chunk-JBAH3FYV.js:7:48997)
    at rd (https://practicesoftwaretesting.com/chunk-JBAH3FYV.js:7:50165)
    at Xm (https://practicesoftwaretesting.com/chunk-JBAH3FYV.js:7:49997)
    at WC (https://practicesoftwaretesting.com/chunk-JBAH3FYV.js:7:49953)
    at ev (https://practicesoftwaretesting.com/chunk-JBAH3FYV.js:7:50344)
    at GC (https://practicesoftwaretesting.com/chunk-JBAH3FYV.js:7:49352)
    at rd (https://practicesoftwaretesting.com/chunk-JBAH3FYV.js:7:50165)
    at Xm (https://practicesoftwaretesting.com/chunk-JBAH3FYV.js:7:49997) @ https://practicesoftwaretesting.com/chunk-JBAH3FYV.js:6
[     370ms] [ERROR] ERROR {message: Unauthorized} @ https://practicesoftwaretesting.com/chunk-JBAH3FYV.js:6
[     401ms] [LOG] Google Analytics 4 ready for tracking @ https://practicesoftwaretesting.com/chunk-4EZ6YPXQ.js:0
[     402ms] [ERROR] ERROR TypeError: Cannot read properties of undefined (reading 'cart_items')
    at template (https://practicesoftwaretesting.com/chunk-INL72T3J.js:1:29496)
    at Vm (https://practicesoftwaretesting.com/chunk-JBAH3FYV.js:7:39700)
    at GC (https://practicesoftwaretesting.com/chunk-JBAH3FYV.js:7:48997)
    at rd (https://practicesoftwaretesting.com/chunk-JBAH3FYV.js:7:50165)
    at Xm (https://practicesoftwaretesting.com/chunk-JBAH3FYV.js:7:49997)
    at WC (https://practicesoftwaretesting.com/chunk-JBAH3FYV.js:7:49953)
    at ev (https://practicesoftwaretesting.com/chunk-JBAH3FYV.js:7:50344)
    at GC (https://practicesoftwaretesting.com/chunk-JBAH3FYV.js:7:49352)
    at rd (https://practicesoftwaretesting.com/chunk-JBAH3FYV.js:7:50165)
    at Xm (https://practicesoftwaretesting.com/chunk-JBAH3FYV.js:7:49997) @ https://practicesoftwaretesting.com/chunk-JBAH3FYV.js:6
[     406ms] [ERROR] ERROR TypeError: Cannot read properties of undefined (reading 'cart_items')
    at template (https://practicesoftwaretesting.com/chunk-INL72T3J.js:1:29496)
    at Vm (https://practicesoftwaretesting.com/chunk-JBAH3FYV.js:7:39700)
    at GC (https://practicesoftwaretesting.com/chunk-JBAH3FYV.js:7:48997)
    at rd (https://practicesoftwaretesting.com/chunk-JBAH3FYV.js:7:50165)
    at Xm (https://practicesoftwaretesting.com/chunk-JBAH3FYV.js:7:49997)
    at WC (https://practicesoftwaretesting.com/chunk-JBAH3FYV.js:7:49953)
    at ev (https://practicesoftwaretesting.com/chunk-JBAH3FYV.js:7:50344)
    at GC (https://practicesoftwaretesting.com/chunk-JBAH3FYV.js:7:49352)
    at rd (https://practicesoftwaretesting.com/chunk-JBAH3FYV.js:7:50165)
    at Xm (https://practicesoftwaretesting.com/chunk-JBAH3FYV.js:7:49997) @ https://practicesoftwaretesting.com/chunk-JBAH3FYV.js:6
[     408ms] [ERROR] ERROR TypeError: Cannot read properties of undefined (reading 'cart_items')
    at template (https://practicesoftwaretesting.com/chunk-INL72T3J.js:1:29496)
    at Vm (https://practicesoftwaretesting.com/chunk-JBAH3FYV.js:7:39700)
    at GC (https://practicesoftwaretesting.com/chunk-JBAH3FYV.js:7:48997)
    at rd (https://practicesoftwaretesting.com/chunk-JBAH3FYV.js:7:50165)
    at Xm (https://practicesoftwaretesting.com/chunk-JBAH3FYV.js:7:49997)
    at WC (https://practicesoftwaretesting.com/chunk-JBAH3FYV.js:7:49953)
    at ev (https://practicesoftwaretesting.com/chunk-JBAH3FYV.js:7:50344)
    at GC (https://practicesoftwaretesting.com/chunk-JBAH3FYV.js:7:49352)
    at rd (https://practicesoftwaretesting.com/chunk-JBAH3FYV.js:7:50165)
    at Xm (https://practicesoftwaretesting.com/chunk-JBAH3FYV.js:7:49997) @ https://practicesoftwaretesting.com/chunk-JBAH3FYV.js:6
[     409ms] [ERROR] ERROR TypeError: Cannot read properties of undefined (reading 'cart_items')
    at template (https://practicesoftwaretesting.com/chunk-INL72T3J.js:1:29496)
    at Vm (https://practicesoftwaretesting.com/chunk-JBAH3FYV.js:7:39700)
    at GC (https://practicesoftwaretesting.com/chunk-JBAH3FYV.js:7:48997)
    at rd (https://practicesoftwaretesting.com/chunk-JBAH3FYV.js:7:50165)
    at Xm (https://practicesoftwaretesting.com/chunk-JBAH3FYV.js:7:49997)
    at WC (https://practicesoftwaretesting.com/chunk-JBAH3FYV.js:7:49953)
    at ev (https://practicesoftwaretesting.com/chunk-JBAH3FYV.js:7:50344)
    at GC (https://practicesoftwaretesting.com/chunk-JBAH3FYV.js:7:49352)
    at rd (https://practicesoftwaretesting.com/chunk-JBAH3FYV.js:7:50165)
    at Xm (https://practicesoftwaretesting.com/chunk-JBAH3FYV.js:7:49997) @ https://practicesoftwaretesting.com/chunk-JBAH3FYV.js:6
[     409ms] [ERROR] ERROR TypeError: Cannot read properties of undefined (reading 'cart_items')
    at template (https://practicesoftwaretesting.com/chunk-INL72T3J.js:1:29496)
    at Vm (https://practicesoftwaretesting.com/chunk-JBAH3FYV.js:7:39700)
    at GC (https://practicesoftwaretesting.com/chunk-JBAH3FYV.js:7:48997)
    at rd (https://practicesoftwaretesting.com/chunk-JBAH3FYV.js:7:50165)
    at Xm (https://practicesoftwaretesting.com/chunk-JBAH3FYV.js:7:49997)
    at WC (https://practicesoftwaretesting.com/chunk-JBAH3FYV.js:7:49953)
    at ev (https://practicesoftwaretesting.com/chunk-JBAH3FYV.js:7:50344)
    at GC (https://practicesoftwaretesting.com/chunk-JBAH3FYV.js:7:49352)
    at rd (https://practicesoftwaretesting.com/chunk-JBAH3FYV.js:7:50165)
    at Xm (https://practicesoftwaretesting.com/chunk-JBAH3FYV.js:7:49997) @ https://practicesoftwaretesting.com/chunk-JBAH3FYV.js:6
[     410ms] [ERROR] ERROR TypeError: Cannot read properties of undefined (reading 'cart_items')
    at template (https://practicesoftwaretesting.com/chunk-INL72T3J.js:1:29496)
    at Vm (https://practicesoftwaretesting.com/chunk-JBAH3FYV.js:7:39700)
    at GC (https://practicesoftwaretesting.com/chunk-JBAH3FYV.js:7:48997)
    at rd (https://practicesoftwaretesting.com/chunk-JBAH3FYV.js:7:50165)
    at Xm (https://practicesoftwaretesting.com/chunk-JBAH3FYV.js:7:49997)
    at WC (https://practicesoftwaretesting.com/chunk-JBAH3FYV.js:7:49953)
    at ev (https://practicesoftwaretesting.com/chunk-JBAH3FYV.js:7:50344)
    at GC (https://practicesoftwaretesting.com/chunk-JBAH3FYV.js:7:49352)
    at rd (https://practicesoftwaretesting.com/chunk-JBAH3FYV.js:7:50165)
    at Xm (https://practicesoftwaretesting.com/chunk-JBAH3FYV.js:7:49997) @ https://practicesoftwaretesting.com/chunk-JBAH3FYV.js:6
[     410ms] [ERROR] ERROR TypeError: Cannot read properties of undefined (reading 'cart_items')
    at template (https://practicesoftwaretesting.com/chunk-INL72T3J.js:1:29496)
    at Vm (https://practicesoftwaretesting.com/chunk-JBAH3FYV.js:7:39700)
    at GC (https://practicesoftwaretesting.com/chunk-JBAH3FYV.js:7:48997)
    at rd (https://practicesoftwaretesting.com/chunk-JBAH3FYV.js:7:50165)
    at Xm (https://practicesoftwaretesting.com/chunk-JBAH3FYV.js:7:49997)
    at WC (https://practicesoftwaretesting.com/chunk-JBAH3FYV.js:7:49953)
    at ev (https://practicesoftwaretesting.com/chunk-JBAH3FYV.js:7:50344)
    at GC (https://practicesoftwaretesting.com/chunk-JBAH3FYV.js:7:49352)
    at rd (https://practicesoftwaretesting.com/chunk-JBAH3FYV.js:7:50165)
    at Xm (https://practicesoftwaretesting.com/chunk-JBAH3FYV.js:7:49997) @ https://practicesoftwaretesting.com/chunk-JBAH3FYV.js:6
[     411ms] [ERROR] ERROR TypeError: Cannot read properties of undefined (reading 'cart_items')
    at template (https://practicesoftwaretesting.com/chunk-INL72T3J.js:1:29496)
    at Vm (https://practicesoftwaretesting.com/chunk-JBAH3FYV.js:7:39700)
    at GC (https://practicesoftwaretesting.com/chunk-JBAH3FYV.js:7:48997)
    at rd (https://practicesoftwaretesting.com/chunk-JBAH3FYV.js:7:50165)
    at Xm (https://practicesoftwaretesting.com/chunk-JBAH3FYV.js:7:49997)
    at WC (https://practicesoftwaretesting.com/chunk-JBAH3FYV.js:7:49953)
    at ev (https://practicesoftwaretesting.com/chunk-JBAH3FYV.js:7:50344)
    at GC (https://practicesoftwaretesting.com/chunk-JBAH3FYV.js:7:49352)
    at rd (https://practicesoftwaretesting.com/chunk-JBAH3FYV.js:7:50165)
    at Xm (https://practicesoftwaretesting.com/chunk-JBAH3FYV.js:7:49997) @ https://practicesoftwaretesting.com/chunk-JBAH3FYV.js:6
[     413ms] [ERROR] ERROR TypeError: Cannot read properties of undefined (reading 'cart_items')
    at template (https://practicesoftwaretesting.com/chunk-INL72T3J.js:1:29496)
    at Vm (https://practicesoftwaretesting.com/chunk-JBAH3FYV.js:7:39700)
    at GC (https://practicesoftwaretesting.com/chunk-JBAH3FYV.js:7:48997)
    at rd (https://practicesoftwaretesting.com/chunk-JBAH3FYV.js:7:50165)
    at Xm (https://practicesoftwaretesting.com/chunk-JBAH3FYV.js:7:49997)
    at WC (https://practicesoftwaretesting.com/chunk-JBAH3FYV.js:7:49953)
    at ev (https://practicesoftwaretesting.com/chunk-JBAH3FYV.js:7:50344)
    at GC (https://practicesoftwaretesting.com/chunk-JBAH3FYV.js:7:49352)
    at rd (https://practicesoftwaretesting.com/chunk-JBAH3FYV.js:7:50165)
    at Xm (https://practicesoftwaretesting.com/chunk-JBAH3FYV.js:7:49997) @ https://practicesoftwaretesting.com/chunk-JBAH3FYV.js:6
[     414ms] [ERROR] ERROR TypeError: Cannot read properties of undefined (reading 'cart_items')
    at template (https://practicesoftwaretesting.com/chunk-INL72T3J.js:1:29496)
    at Vm (https://practicesoftwaretesting.com/chunk-JBAH3FYV.js:7:39700)
    at GC (https://practicesoftwaretesting.com/chunk-JBAH3FYV.js:7:48997)
    at rd (https://practicesoftwaretesting.com/chunk-JBAH3FYV.js:7:50165)
    at Xm (https://practicesoftwaretesting.com/chunk-JBAH3FYV.js:7:49997)
    at WC (https://practicesoftwaretesting.com/chunk-JBAH3FYV.js:7:49953)
    at ev (https://practicesoftwaretesting.com/chunk-JBAH3FYV.js:7:50344)
    at GC (https://practicesoftwaretesting.com/chunk-JBAH3FYV.js:7:49352)
    at rd (https://practicesoftwaretesting.com/chunk-JBAH3FYV.js:7:50165)
    at Xm (https://practicesoftwaretesting.com/chunk-JBAH3FYV.js:7:49997) @ https://practicesoftwaretesting.com/chunk-JBAH3FYV.js:6
[     415ms] [ERROR] ERROR TypeError: Cannot read properties of undefined (reading 'cart_items')
    at template (https://practicesoftwaretesting.com/chunk-INL72T3J.js:1:29496)
    at Vm (https://practicesoftwaretesting.com/chunk-JBAH3FYV.js:7:39700)
    at GC (https://practicesoftwaretesting.com/chunk-JBAH3FYV.js:7:48997)
    at rd (https://practicesoftwaretesting.com/chunk-JBAH3FYV.js:7:50165)
    at Xm (https://practicesoftwaretesting.com/chunk-JBAH3FYV.js:7:49997)
    at WC (https://practicesoftwaretesting.com/chunk-JBAH3FYV.js:7:49953)
    at ev (https://practicesoftwaretesting.com/chunk-JBAH3FYV.js:7:50344)
    at GC (https://practicesoftwaretesting.com/chunk-JBAH3FYV.js:7:49352)
    at rd (https://practicesoftwaretesting.com/chunk-JBAH3FYV.js:7:50165)
    at Xm (https://practicesoftwaretesting.com/chunk-JBAH3FYV.js:7:49997) @ https://practicesoftwaretesting.com/chunk-JBAH3FYV.js:6
[     416ms] [ERROR] ERROR TypeError: Cannot read properties of undefined (reading 'cart_items')
    at template (https://practicesoftwaretesting.com/chunk-INL72T3J.js:1:29496)
    at Vm (https://practicesoftwaretesting.com/chunk-JBAH3FYV.js:7:39700)
    at GC (https://practicesoftwaretesting.com/chunk-JBAH3FYV.js:7:48997)
    at rd (https://practicesoftwaretesting.com/chunk-JBAH3FYV.js:7:50165)
    at Xm (https://practicesoftwaretesting.com/chunk-JBAH3FYV.js:7:49997)
    at WC (https://practicesoftwaretesting.com/chunk-JBAH3FYV.js:7:49953)
    at ev (https://practicesoftwaretesting.com/chunk-JBAH3FYV.js:7:50344)
    at GC (https://practicesoftwaretesting.com/chunk-JBAH3FYV.js:7:49352)
    at rd (https://practicesoftwaretesting.com/chunk-JBAH3FYV.js:7:50165)
    at Xm (https://practicesoftwaretesting.com/chunk-JBAH3FYV.js:7:49997) @ https://practicesoftwaretesting.com/chunk-JBAH3FYV.js:6
[     425ms] [ERROR] ERROR TypeError: Cannot read properties of undefined (reading 'cart_items')
    at template (https://practicesoftwaretesting.com/chunk-INL72T3J.js:1:29496)
    at Vm (https://practicesoftwaretesting.com/chunk-JBAH3FYV.js:7:39700)
    at GC (https://practicesoftwaretesting.com/chunk-JBAH3FYV.js:7:48997)
    at rd (https://practicesoftwaretesting.com/chunk-JBAH3FYV.js:7:50165)
    at Xm (https://practicesoftwaretesting.com/chunk-JBAH3FYV.js:7:49997)
    at WC (https://practicesoftwaretesting.com/chunk-JBAH3FYV.js:7:49953)
    at ev (https://practicesoftwaretesting.com/chunk-JBAH3FYV.js:7:50344)
    at GC (https://practicesoftwaretesting.com/chunk-JBAH3FYV.js:7:49352)
    at rd (https://practicesoftwaretesting.com/chunk-JBAH3FYV.js:7:50165)
    at Xm (https://practicesoftwaretesting.com/chunk-JBAH3FYV.js:7:49997) @ https://practicesoftwaretesting.com/chunk-JBAH3FYV.js:6
[     426ms] [ERROR] ERROR TypeError: Cannot read properties of undefined (reading 'cart_items')
    at template (https://practicesoftwaretesting.com/chunk-INL72T3J.js:1:29496)
    at Vm (https://practicesoftwaretesting.com/chunk-JBAH3FYV.js:7:39700)
    at GC (https://practicesoftwaretesting.com/chunk-JBAH3FYV.js:7:48997)
    at rd (https://practicesoftwaretesting.com/chunk-JBAH3FYV.js:7:50165)
    at Xm (https://practicesoftwaretesting.com/chunk-JBAH3FYV.js:7:49997)
    at WC (https://practicesoftwaretesting.com/chunk-JBAH3FYV.js:7:49953)
    at ev (https://practicesoftwaretesting.com/chunk-JBAH3FYV.js:7:50344)
    at GC (https://practicesoftwaretesting.com/chunk-JBAH3FYV.js:7:49352)
    at rd (https://practicesoftwaretesting.com/chunk-JBAH3FYV.js:7:50165)
    at Xm (https://practicesoftwaretesting.com/chunk-JBAH3FYV.js:7:49997) @ https://practicesoftwaretesting.com/chunk-JBAH3FYV.js:6
[     426ms] [ERROR] ERROR TypeError: Cannot read properties of undefined (reading 'cart_items')
    at template (https://practicesoftwaretesting.com/chunk-INL72T3J.js:1:29496)
    at Vm (https://practicesoftwaretesting.com/chunk-JBAH3FYV.js:7:39700)
    at GC (https://practicesoftwaretesting.com/chunk-JBAH3FYV.js:7:48997)
    at rd (https://practicesoftwaretesting.com/chunk-JBAH3FYV.js:7:50165)
    at Xm (https://practicesoftwaretesting.com/chunk-JBAH3FYV.js:7:49997)
    at WC (https://practicesoftwaretesting.com/chunk-JBAH3FYV.js:7:49953)
    at ev (https://practicesoftwaretesting.com/chunk-JBAH3FYV.js:7:50344)
    at GC (https://practicesoftwaretesting.com/chunk-JBAH3FYV.js:7:49352)
    at rd (https://practicesoftwaretesting.com/chunk-JBAH3FYV.js:7:50165)
    at Xm (https://practicesoftwaretesting.com/chunk-JBAH3FYV.js:7:49997) @ https://practicesoftwaretesting.com/chunk-JBAH3FYV.js:6
[     427ms] [ERROR] ERROR TypeError: Cannot read properties of undefined (reading 'cart_items')
    at template (https://practicesoftwaretesting.com/chunk-INL72T3J.js:1:29496)
    at Vm (https://practicesoftwaretesting.com/chunk-JBAH3FYV.js:7:39700)
    at GC (https://practicesoftwaretesting.com/chunk-JBAH3FYV.js:7:48997)
    at rd (https://practicesoftwaretesting.com/chunk-JBAH3FYV.js:7:50165)
    at Xm (https://practicesoftwaretesting.com/chunk-JBAH3FYV.js:7:49997)
    at WC (https://practicesoftwaretesting.com/chunk-JBAH3FYV.js:7:49953)
    at ev (https://practicesoftwaretesting.com/chunk-JBAH3FYV.js:7:50344)
    at GC (https://practicesoftwaretesting.com/chunk-JBAH3FYV.js:7:49352)
    at rd (https://practicesoftwaretesting.com/chunk-JBAH3FYV.js:7:50165)
    at Xm (https://practicesoftwaretesting.com/chunk-JBAH3FYV.js:7:49997) @ https://practicesoftwaretesting.com/chunk-JBAH3FYV.js:6
[     428ms] [ERROR] ERROR TypeError: Cannot read properties of undefined (reading 'cart_items')
    at template (https://practicesoftwaretesting.com/chunk-INL72T3J.js:1:29496)
    at Vm (https://practicesoftwaretesting.com/chunk-JBAH3FYV.js:7:39700)
    at GC (https://practicesoftwaretesting.com/chunk-JBAH3FYV.js:7:48997)
    at rd (https://practicesoftwaretesting.com/chunk-JBAH3FYV.js:7:50165)
    at Xm (https://practicesoftwaretesting.com/chunk-JBAH3FYV.js:7:49997)
    at WC (https://practicesoftwaretesting.com/chunk-JBAH3FYV.js:7:49953)
    at ev (https://practicesoftwaretesting.com/chunk-JBAH3FYV.js:7:50344)
    at GC (https://practicesoftwaretesting.com/chunk-JBAH3FYV.js:7:49352)
    at rd (https://practicesoftwaretesting.com/chunk-JBAH3FYV.js:7:50165)
    at Xm (https://practicesoftwaretesting.com/chunk-JBAH3FYV.js:7:49997) @ https://practicesoftwaretesting.com/chunk-JBAH3FYV.js:6
[     430ms] [ERROR] ERROR TypeError: Cannot read properties of undefined (reading 'cart_items')
    at template (https://practicesoftwaretesting.com/chunk-INL72T3J.js:1:29496)
    at Vm (https://practicesoftwaretesting.com/chunk-JBAH3FYV.js:7:39700)
    at GC (https://practicesoftwaretesting.com/chunk-JBAH3FYV.js:7:48997)
    at rd (https://practicesoftwaretesting.com/chunk-JBAH3FYV.js:7:50165)
    at Xm (https://practicesoftwaretesting.com/chunk-JBAH3FYV.js:7:49997)
    at WC (https://practicesoftwaretesting.com/chunk-JBAH3FYV.js:7:49953)
    at ev (https://practicesoftwaretesting.com/chunk-JBAH3FYV.js:7:50344)
    at GC (https://practicesoftwaretesting.com/chunk-JBAH3FYV.js:7:49352)
    at rd (https://practicesoftwaretesting.com/chunk-JBAH3FYV.js:7:50165)
    at Xm (https://practicesoftwaretesting.com/chunk-JBAH3FYV.js:7:49997) @ https://practicesoftwaretesting.com/chunk-JBAH3FYV.js:6
[     431ms] [ERROR] ERROR TypeError: Cannot read properties of undefined (reading 'cart_items')
    at template (https://practicesoftwaretesting.com/chunk-INL72T3J.js:1:29496)
    at Vm (https://practicesoftwaretesting.com/chunk-JBAH3FYV.js:7:39700)
    at GC (https://practicesoftwaretesting.com/chunk-JBAH3FYV.js:7:48997)
    at rd (https://practicesoftwaretesting.com/chunk-JBAH3FYV.js:7:50165)
    at Xm (https://practicesoftwaretesting.com/chunk-JBAH3FYV.js:7:49997)
    at WC (https://practicesoftwaretesting.com/chunk-JBAH3FYV.js:7:49953)
    at ev (https://practicesoftwaretesting.com/chunk-JBAH3FYV.js:7:50344)
    at GC (https://practicesoftwaretesting.com/chunk-JBAH3FYV.js:7:49352)
    at rd (https://practicesoftwaretesting.com/chunk-JBAH3FYV.js:7:50165)
    at Xm (https://practicesoftwaretesting.com/chunk-JBAH3FYV.js:7:49997) @ https://practicesoftwaretesting.com/chunk-JBAH3FYV.js:6
[     432ms] [ERROR] ERROR TypeError: Cannot read properties of undefined (reading 'cart_items')
    at template (https://practicesoftwaretesting.com/chunk-INL72T3J.js:1:29496)
    at Vm (https://practicesoftwaretesting.com/chunk-JBAH3FYV.js:7:39700)
    at GC (https://practicesoftwaretesting.com/chunk-JBAH3FYV.js:7:48997)
    at rd (https://practicesoftwaretesting.com/chunk-JBAH3FYV.js:7:50165)
    at Xm (https://practicesoftwaretesting.com/chunk-JBAH3FYV.js:7:49997)
    at WC (https://practicesoftwaretesting.com/chunk-JBAH3FYV.js:7:49953)
    at ev (https://practicesoftwaretesting.com/chunk-JBAH3FYV.js:7:50344)
    at GC (https://practicesoftwaretesting.com/chunk-JBAH3FYV.js:7:49352)
    at rd (https://practicesoftwaretesting.com/chunk-JBAH3FYV.js:7:50165)
    at Xm (https://practicesoftwaretesting.com/chunk-JBAH3FYV.js:7:49997) @ https://practicesoftwaretesting.com/chunk-JBAH3FYV.js:6
[     433ms] [ERROR] ERROR TypeError: Cannot read properties of undefined (reading 'cart_items')
    at template (https://practicesoftwaretesting.com/chunk-INL72T3J.js:1:29496)
    at Vm (https://practicesoftwaretesting.com/chunk-JBAH3FYV.js:7:39700)
    at GC (https://practicesoftwaretesting.com/chunk-JBAH3FYV.js:7:48997)
    at rd (https://practicesoftwaretesting.com/chunk-JBAH3FYV.js:7:50165)
    at Xm (https://practicesoftwaretesting.com/chunk-JBAH3FYV.js:7:49997)
    at WC (https://practicesoftwaretesting.com/chunk-JBAH3FYV.js:7:49953)
    at ev (https://practicesoftwaretesting.com/chunk-JBAH3FYV.js:7:50344)
    at GC (https://practicesoftwaretesting.com/chunk-JBAH3FYV.js:7:49352)
    at rd (https://practicesoftwaretesting.com/chunk-JBAH3FYV.js:7:50165)
    at Xm (https://practicesoftwaretesting.com/chunk-JBAH3FYV.js:7:49997) @ https://practicesoftwaretesting.com/chunk-JBAH3FYV.js:6
[     435ms] [ERROR] ERROR TypeError: Cannot read properties of undefined (reading 'cart_items')
    at template (https://practicesoftwaretesting.com/chunk-INL72T3J.js:1:29496)
    at Vm (https://practicesoftwaretesting.com/chunk-JBAH3FYV.js:7:39700)
    at GC (https://practicesoftwaretesting.com/chunk-JBAH3FYV.js:7:48997)
    at rd (https://practicesoftwaretesting.com/chunk-JBAH3FYV.js:7:50165)
    at Xm (https://practicesoftwaretesting.com/chunk-JBAH3FYV.js:7:49997)
    at WC (https://practicesoftwaretesting.com/chunk-JBAH3FYV.js:7:49953)
    at ev (https://practicesoftwaretesting.com/chunk-JBAH3FYV.js:7:50344)
    at GC (https://practicesoftwaretesting.com/chunk-JBAH3FYV.js:7:49352)
    at rd (https://practicesoftwaretesting.com/chunk-JBAH3FYV.js:7:50165)
    at Xm (https://practicesoftwaretesting.com/chunk-JBAH3FYV.js:7:49997) @ https://practicesoftwaretesting.com/chunk-JBAH3FYV.js:6
[     436ms] [ERROR] ERROR TypeError: Cannot read properties of undefined (reading 'cart_items')
    at template (https://practicesoftwaretesting.com/chunk-INL72T3J.js:1:29496)
    at Vm (https://practicesoftwaretesting.com/chunk-JBAH3FYV.js:7:39700)
    at GC (https://practicesoftwaretesting.com/chunk-JBAH3FYV.js:7:48997)
    at rd (https://practicesoftwaretesting.com/chunk-JBAH3FYV.js:7:50165)
    at Xm (https://practicesoftwaretesting.com/chunk-JBAH3FYV.js:7:49997)
    at WC (https://practicesoftwaretesting.com/chunk-JBAH3FYV.js:7:49953)
    at ev (https://practicesoftwaretesting.com/chunk-JBAH3FYV.js:7:50344)
    at GC (https://practicesoftwaretesting.com/chunk-JBAH3FYV.js:7:49352)
    at rd (https://practicesoftwaretesting.com/chunk-JBAH3FYV.js:7:50165)
    at Xm (https://practicesoftwaretesting.com/chunk-JBAH3FYV.js:7:49997) @ https://practicesoftwaretesting.com/chunk-JBAH3FYV.js:6
[     437ms] [ERROR] ERROR TypeError: Cannot read properties of undefined (reading 'cart_items')
    at template (https://practicesoftwaretesting.com/chunk-INL72T3J.js:1:29496)
    at Vm (https://practicesoftwaretesting.com/chunk-JBAH3FYV.js:7:39700)
    at GC (https://practicesoftwaretesting.com/chunk-JBAH3FYV.js:7:48997)
    at rd (https://practicesoftwaretesting.com/chunk-JBAH3FYV.js:7:50165)
    at Xm (https://practicesoftwaretesting.com/chunk-JBAH3FYV.js:7:49997)
    at WC (https://practicesoftwaretesting.com/chunk-JBAH3FYV.js:7:49953)
    at ev (https://practicesoftwaretesting.com/chunk-JBAH3FYV.js:7:50344)
    at GC (https://practicesoftwaretesting.com/chunk-JBAH3FYV.js:7:49352)
    at rd (https://practicesoftwaretesting.com/chunk-JBAH3FYV.js:7:50165)
    at Xm (https://practicesoftwaretesting.com/chunk-JBAH3FYV.js:7:49997) @ https://practicesoftwaretesting.com/chunk-JBAH3FYV.js:6
[     437ms] [ERROR] ERROR TypeError: Cannot read properties of undefined (reading 'cart_items')
    at template (https://practicesoftwaretesting.com/chunk-INL72T3J.js:1:29496)
    at Vm (https://practicesoftwaretesting.com/chunk-JBAH3FYV.js:7:39700)
    at GC (https://practicesoftwaretesting.com/chunk-JBAH3FYV.js:7:48997)
    at rd (https://practicesoftwaretesting.com/chunk-JBAH3FYV.js:7:50165)
    at Xm (https://practicesoftwaretesting.com/chunk-JBAH3FYV.js:7:49997)
    at WC (https://practicesoftwaretesting.com/chunk-JBAH3FYV.js:7:49953)
    at ev (https://practicesoftwaretesting.com/chunk-JBAH3FYV.js:7:50344)
    at GC (https://practicesoftwaretesting.com/chunk-JBAH3FYV.js:7:49352)
    at rd (https://practicesoftwaretesting.com/chunk-JBAH3FYV.js:7:50165)
    at Xm (https://practicesoftwaretesting.com/chunk-JBAH3FYV.js:7:49997) @ https://practicesoftwaretesting.com/chunk-JBAH3FYV.js:6
[     474ms] [ERROR] Failed to load resource: the server responded with a status of 401 () @ https://api.practicesoftwaretesting.com/users/me:0
[     474ms] [ERROR] ERROR TypeError: Cannot read properties of undefined (reading 'cart_items')
    at template (https://practicesoftwaretesting.com/chunk-INL72T3J.js:1:29496)
    at Vm (https://practicesoftwaretesting.com/chunk-JBAH3FYV.js:7:39700)
    at GC (https://practicesoftwaretesting.com/chunk-JBAH3FYV.js:7:48997)
    at rd (https://practicesoftwaretesting.com/chunk-JBAH3FYV.js:7:50165)
    at Xm (https://practicesoftwaretesting.com/chunk-JBAH3FYV.js:7:49997)
    at WC (https://practicesoftwaretesting.com/chunk-JBAH3FYV.js:7:49953)
    at ev (https://practicesoftwaretesting.com/chunk-JBAH3FYV.js:7:50344)
    at GC (https://practicesoftwaretesting.com/chunk-JBAH3FYV.js:7:49352)
    at rd (https://practicesoftwaretesting.com/chunk-JBAH3FYV.js:7:50165)
    at Xm (https://practicesoftwaretesting.com/chunk-JBAH3FYV.js:7:49997) @ https://practicesoftwaretesting.com/chunk-JBAH3FYV.js:6
[     475ms] [ERROR] ERROR TypeError: Cannot read properties of undefined (reading 'cart_items')
    at template (https://practicesoftwaretesting.com/chunk-INL72T3J.js:1:29496)
    at Vm (https://practicesoftwaretesting.com/chunk-JBAH3FYV.js:7:39700)
    at GC (https://practicesoftwaretesting.com/chunk-JBAH3FYV.js:7:48997)
    at rd (https://practicesoftwaretesting.com/chunk-JBAH3FYV.js:7:50165)
    at Xm (https://practicesoftwaretesting.com/chunk-JBAH3FYV.js:7:49997)
    at WC (https://practicesoftwaretesting.com/chunk-JBAH3FYV.js:7:49953)
    at ev (https://practicesoftwaretesting.com/chunk-JBAH3FYV.js:7:50344)
    at GC (https://practicesoftwaretesting.com/chunk-JBAH3FYV.js:7:49352)
    at rd (https://practicesoftwaretesting.com/chunk-JBAH3FYV.js:7:50165)
    at Xm (https://practicesoftwaretesting.com/chunk-JBAH3FYV.js:7:49997) @ https://practicesoftwaretesting.com/chunk-JBAH3FYV.js:6
[     476ms] [ERROR] ERROR TypeError: Cannot read properties of undefined (reading 'cart_items')
    at template (https://practicesoftwaretesting.com/chunk-INL72T3J.js:1:29496)
    at Vm (https://practicesoftwaretesting.com/chunk-JBAH3FYV.js:7:39700)
    at GC (https://practicesoftwaretesting.com/chunk-JBAH3FYV.js:7:48997)
    at rd (https://practicesoftwaretesting.com/chunk-JBAH3FYV.js:7:50165)
    at Xm (https://practicesoftwaretesting.com/chunk-JBAH3FYV.js:7:49997)
    at WC (https://practicesoftwaretesting.com/chunk-JBAH3FYV.js:7:49953)
    at ev (https://practicesoftwaretesting.com/chunk-JBAH3FYV.js:7:50344)
    at GC (https://practicesoftwaretesting.com/chunk-JBAH3FYV.js:7:49352)
    at rd (https://practicesoftwaretesting.com/chunk-JBAH3FYV.js:7:50165)
    at Xm (https://practicesoftwaretesting.com/chunk-JBAH3FYV.js:7:49997) @ https://practicesoftwaretesting.com/chunk-JBAH3FYV.js:6
[     476ms] [ERROR] ERROR {message: Unauthorized} @ https://practicesoftwaretesting.com/chunk-JBAH3FYV.js:6
[     533ms] [ERROR] Failed to load resource: the server responded with a status of 401 () @ https://api.practicesoftwaretesting.com/users/me:0
[     536ms] [ERROR] ERROR {message: Unauthorized} @ https://practicesoftwaretesting.com/chunk-JBAH3FYV.js:6
[     614ms] [VERBOSE] [DOM] Input elements should have autocomplete attributes (suggested: "current-password"): (More info: https://goo.gl/9p2vKq) %o @ https://practicesoftwaretesting.com/checkout:0
