[     271ms] [ERROR] Failed to load resource: the server responded with a status of 401 () @ https://api.practicesoftwaretesting.com/users/me:0
[     273ms] [ERROR] ERROR {message: Unauthorized} @ https://practicesoftwaretesting.com/chunk-JBAH3FYV.js:6
[     282ms] [LOG] Initializing Google Analytics 4: G-0BJFXRKTYC @ https://practicesoftwaretesting.com/chunk-4EZ6YPXQ.js:0
[     298ms] [ERROR] ERROR TypeError: Cannot read properties of undefined (reading 'cart_items')
    at template (https://practicesoftwaretesting.com/chunk-INL72T3J.js:1:29496)
    at Vm (https://practicesoftwaretesting.com/chunk-JBAH3FYV.js:7:39700)
    at GC (https://practicesoftwaretesting.com/chunk-JBAH3FYV.js:7:48997)
    at rd (https://practicesoftwaretesting.com/chunk-JBAH3FYV.js:7:50165)
    at Xm (https://practicesoftwaretesting.com/chunk-JBAH3FYV.js:7:49997)
    at WC (https://practicesoftwaretesting.com/chunk-JBAH3FYV.js:7:49953)
    at ev (https://practicesoftwaretesting.com/chunk-JBAH3FYV.js:7:50344)
    at GC (https://practicesoftwaretesting.com/chunk-JBAH3FYV.js:7:49352)
    at rd (https://practicesoftwaretesting.com/chunk-JBAH3FYV.js:7:50165)
    at Xm (https://practicesoftwaretesting.com/chunk-JBAH3FYV.js:7:49997) @ https://practicesoftwaretesting.com/chunk-JBAH3FYV.js:6
[     300ms] [ERROR] ERROR TypeError: Cannot read properties of undefined (reading 'cart_items')
    at template (https://practicesoftwaretesting.com/chunk-INL72T3J.js:1:29496)
    at Vm (https://practicesoftwaretesting.com/chunk-JBAH3FYV.js:7:39700)
    at GC (https://practicesoftwaretesting.com/chunk-JBAH3FYV.js:7:48997)
    at rd (https://practicesoftwaretesting.com/chunk-JBAH3FYV.js:7:50165)
    at Xm (https://practicesoftwaretesting.com/chunk-JBAH3FYV.js:7:49997)
    at WC (https://practicesoftwaretesting.com/chunk-JBAH3FYV.js:7:49953)
    at ev (https://practicesoftwaretesting.com/chunk-JBAH3FYV.js:7:50344)
    at GC (https://practicesoftwaretesting.com/chunk-JBAH3FYV.js:7:49352)
    at rd (https://practicesoftwaretesting.com/chunk-JBAH3FYV.js:7:50165)
    at Xm (https://practicesoftwaretesting.com/chunk-JBAH3FYV.js:7:49997) @ https://practicesoftwaretesting.com/chunk-JBAH3FYV.js:6
[     302ms] [ERROR] ERROR TypeError: Cannot read properties of undefined (reading 'cart_items')
    at template (https://practicesoftwaretesting.com/chunk-INL72T3J.js:1:29496)
    at Vm (https://practicesoftwaretesting.com/chunk-JBAH3FYV.js:7:39700)
    at GC (https://practicesoftwaretesting.com/chunk-JBAH3FYV.js:7:48997)
    at rd (https://practicesoftwaretesting.com/chunk-JBAH3FYV.js:7:50165)
    at Xm (https://practicesoftwaretesting.com/chunk-JBAH3FYV.js:7:49997)
    at WC (https://practicesoftwaretesting.com/chunk-JBAH3FYV.js:7:49953)
    at ev (https://practicesoftwaretesting.com/chunk-JBAH3FYV.js:7:50344)
    at GC (https://practicesoftwaretesting.com/chunk-JBAH3FYV.js:7:49352)
    at rd (https://practicesoftwaretesting.com/chunk-JBAH3FYV.js:7:50165)
    at Xm (https://practicesoftwaretesting.com/chunk-JBAH3FYV.js:7:49997) @ https://practicesoftwaretesting.com/chunk-JBAH3FYV.js:6
[     325ms] [LOG] Google Analytics 4 ready for tracking @ https://practicesoftwaretesting.com/chunk-4EZ6YPXQ.js:0
[     326ms] [ERROR] ERROR TypeError: Cannot read properties of undefined (reading 'cart_items')
    at template (https://practicesoftwaretesting.com/chunk-INL72T3J.js:1:29496)
    at Vm (https://practicesoftwaretesting.com/chunk-JBAH3FYV.js:7:39700)
    at GC (https://practicesoftwaretesting.com/chunk-JBAH3FYV.js:7:48997)
    at rd (https://practicesoftwaretesting.com/chunk-JBAH3FYV.js:7:50165)
    at Xm (https://practicesoftwaretesting.com/chunk-JBAH3FYV.js:7:49997)
    at WC (https://practicesoftwaretesting.com/chunk-JBAH3FYV.js:7:49953)
    at ev (https://practicesoftwaretesting.com/chunk-JBAH3FYV.js:7:50344)
    at GC (https://practicesoftwaretesting.com/chunk-JBAH3FYV.js:7:49352)
    at rd (https://practicesoftwaretesting.com/chunk-JBAH3FYV.js:7:50165)
    at Xm (https://practicesoftwaretesting.com/chunk-JBAH3FYV.js:7:49997) @ https://practicesoftwaretesting.com/chunk-JBAH3FYV.js:6
[     331ms] [ERROR] ERROR TypeError: Cannot read properties of undefined (reading 'cart_items')
    at template (https://practicesoftwaretesting.com/chunk-INL72T3J.js:1:29496)
    at Vm (https://practicesoftwaretesting.com/chunk-JBAH3FYV.js:7:39700)
    at GC (https://practicesoftwaretesting.com/chunk-JBAH3FYV.js:7:48997)
    at rd (https://practicesoftwaretesting.com/chunk-JBAH3FYV.js:7:50165)
    at Xm (https://practicesoftwaretesting.com/chunk-JBAH3FYV.js:7:49997)
    at WC (https://practicesoftwaretesting.com/chunk-JBAH3FYV.js:7:49953)
    at ev (https://practicesoftwaretesting.com/chunk-JBAH3FYV.js:7:50344)
    at GC (https://practicesoftwaretesting.com/chunk-JBAH3FYV.js:7:49352)
    at rd (https://practicesoftwaretesting.com/chunk-JBAH3FYV.js:7:50165)
    at Xm (https://practicesoftwaretesting.com/chunk-JBAH3FYV.js:7:49997) @ https://practicesoftwaretesting.com/chunk-JBAH3FYV.js:6
[     334ms] [ERROR] ERROR TypeError: Cannot read properties of undefined (reading 'cart_items')
    at template (https://practicesoftwaretesting.com/chunk-INL72T3J.js:1:29496)
    at Vm (https://practicesoftwaretesting.com/chunk-JBAH3FYV.js:7:39700)
    at GC (https://practicesoftwaretesting.com/chunk-JBAH3FYV.js:7:48997)
    at rd (https://practicesoftwaretesting.com/chunk-JBAH3FYV.js:7:50165)
    at Xm (https://practicesoftwaretesting.com/chunk-JBAH3FYV.js:7:49997)
    at WC (https://practicesoftwaretesting.com/chunk-JBAH3FYV.js:7:49953)
    at ev (https://practicesoftwaretesting.com/chunk-JBAH3FYV.js:7:50344)
    at GC (https://practicesoftwaretesting.com/chunk-JBAH3FYV.js:7:49352)
    at rd (https://practicesoftwaretesting.com/chunk-JBAH3FYV.js:7:50165)
    at Xm (https://practicesoftwaretesting.com/chunk-JBAH3FYV.js:7:49997) @ https://practicesoftwaretesting.com/chunk-JBAH3FYV.js:6
[     335ms] [ERROR] ERROR TypeError: Cannot read properties of undefined (reading 'cart_items')
    at template (https://practicesoftwaretesting.com/chunk-INL72T3J.js:1:29496)
    at Vm (https://practicesoftwaretesting.com/chunk-JBAH3FYV.js:7:39700)
    at GC (https://practicesoftwaretesting.com/chunk-JBAH3FYV.js:7:48997)
    at rd (https://practicesoftwaretesting.com/chunk-JBAH3FYV.js:7:50165)
    at Xm (https://practicesoftwaretesting.com/chunk-JBAH3FYV.js:7:49997)
    at WC (https://practicesoftwaretesting.com/chunk-JBAH3FYV.js:7:49953)
    at ev (https://practicesoftwaretesting.com/chunk-JBAH3FYV.js:7:50344)
    at GC (https://practicesoftwaretesting.com/chunk-JBAH3FYV.js:7:49352)
    at rd (https://practicesoftwaretesting.com/chunk-JBAH3FYV.js:7:50165)
    at Xm (https://practicesoftwaretesting.com/chunk-JBAH3FYV.js:7:49997) @ https://practicesoftwaretesting.com/chunk-JBAH3FYV.js:6
[     337ms] [ERROR] ERROR TypeError: Cannot read properties of undefined (reading 'cart_items')
    at template (https://practicesoftwaretesting.com/chunk-INL72T3J.js:1:29496)
    at Vm (https://practicesoftwaretesting.com/chunk-JBAH3FYV.js:7:39700)
    at GC (https://practicesoftwaretesting.com/chunk-JBAH3FYV.js:7:48997)
    at rd (https://practicesoftwaretesting.com/chunk-JBAH3FYV.js:7:50165)
    at Xm (https://practicesoftwaretesting.com/chunk-JBAH3FYV.js:7:49997)
    at WC (https://practicesoftwaretesting.com/chunk-JBAH3FYV.js:7:49953)
    at ev (https://practicesoftwaretesting.com/chunk-JBAH3FYV.js:7:50344)
    at GC (https://practicesoftwaretesting.com/chunk-JBAH3FYV.js:7:49352)
    at rd (https://practicesoftwaretesting.com/chunk-JBAH3FYV.js:7:50165)
    at Xm (https://practicesoftwaretesting.com/chunk-JBAH3FYV.js:7:49997) @ https://practicesoftwaretesting.com/chunk-JBAH3FYV.js:6
[     338ms] [ERROR] ERROR TypeError: Cannot read properties of undefined (reading 'cart_items')
    at template (https://practicesoftwaretesting.com/chunk-INL72T3J.js:1:29496)
    at Vm (https://practicesoftwaretesting.com/chunk-JBAH3FYV.js:7:39700)
    at GC (https://practicesoftwaretesting.com/chunk-JBAH3FYV.js:7:48997)
    at rd (https://practicesoftwaretesting.com/chunk-JBAH3FYV.js:7:50165)
    at Xm (https://practicesoftwaretesting.com/chunk-JBAH3FYV.js:7:49997)
    at WC (https://practicesoftwaretesting.com/chunk-JBAH3FYV.js:7:49953)
    at ev (https://practicesoftwaretesting.com/chunk-JBAH3FYV.js:7:50344)
    at GC (https://practicesoftwaretesting.com/chunk-JBAH3FYV.js:7:49352)
    at rd (https://practicesoftwaretesting.com/chunk-JBAH3FYV.js:7:50165)
    at Xm (https://practicesoftwaretesting.com/chunk-JBAH3FYV.js:7:49997) @ https://practicesoftwaretesting.com/chunk-JBAH3FYV.js:6
[     339ms] [ERROR] ERROR TypeError: Cannot read properties of undefined (reading 'cart_items')
    at template (https://practicesoftwaretesting.com/chunk-INL72T3J.js:1:29496)
    at Vm (https://practicesoftwaretesting.com/chunk-JBAH3FYV.js:7:39700)
    at GC (https://practicesoftwaretesting.com/chunk-JBAH3FYV.js:7:48997)
    at rd (https://practicesoftwaretesting.com/chunk-JBAH3FYV.js:7:50165)
    at Xm (https://practicesoftwaretesting.com/chunk-JBAH3FYV.js:7:49997)
    at WC (https://practicesoftwaretesting.com/chunk-JBAH3FYV.js:7:49953)
    at ev (https://practicesoftwaretesting.com/chunk-JBAH3FYV.js:7:50344)
    at GC (https://practicesoftwaretesting.com/chunk-JBAH3FYV.js:7:49352)
    at rd (https://practicesoftwaretesting.com/chunk-JBAH3FYV.js:7:50165)
    at Xm (https://practicesoftwaretesting.com/chunk-JBAH3FYV.js:7:49997) @ https://practicesoftwaretesting.com/chunk-JBAH3FYV.js:6
[     340ms] [ERROR] ERROR TypeError: Cannot read properties of undefined (reading 'cart_items')
    at template (https://practicesoftwaretesting.com/chunk-INL72T3J.js:1:29496)
    at Vm (https://practicesoftwaretesting.com/chunk-JBAH3FYV.js:7:39700)
    at GC (https://practicesoftwaretesting.com/chunk-JBAH3FYV.js:7:48997)
    at rd (https://practicesoftwaretesting.com/chunk-JBAH3FYV.js:7:50165)
    at Xm (https://practicesoftwaretesting.com/chunk-JBAH3FYV.js:7:49997)
    at WC (https://practicesoftwaretesting.com/chunk-JBAH3FYV.js:7:49953)
    at ev (https://practicesoftwaretesting.com/chunk-JBAH3FYV.js:7:50344)
    at GC (https://practicesoftwaretesting.com/chunk-JBAH3FYV.js:7:49352)
    at rd (https://practicesoftwaretesting.com/chunk-JBAH3FYV.js:7:50165)
    at Xm (https://practicesoftwaretesting.com/chunk-JBAH3FYV.js:7:49997) @ https://practicesoftwaretesting.com/chunk-JBAH3FYV.js:6
[     341ms] [ERROR] ERROR TypeError: Cannot read properties of undefined (reading 'cart_items')
    at template (https://practicesoftwaretesting.com/chunk-INL72T3J.js:1:29496)
    at Vm (https://practicesoftwaretesting.com/chunk-JBAH3FYV.js:7:39700)
    at GC (https://practicesoftwaretesting.com/chunk-JBAH3FYV.js:7:48997)
    at rd (https://practicesoftwaretesting.com/chunk-JBAH3FYV.js:7:50165)
    at Xm (https://practicesoftwaretesting.com/chunk-JBAH3FYV.js:7:49997)
    at WC (https://practicesoftwaretesting.com/chunk-JBAH3FYV.js:7:49953)
    at ev (https://practicesoftwaretesting.com/chunk-JBAH3FYV.js:7:50344)
    at GC (https://practicesoftwaretesting.com/chunk-JBAH3FYV.js:7:49352)
    at rd (https://practicesoftwaretesting.com/chunk-JBAH3FYV.js:7:50165)
    at Xm (https://practicesoftwaretesting.com/chunk-JBAH3FYV.js:7:49997) @ https://practicesoftwaretesting.com/chunk-JBAH3FYV.js:6
[     342ms] [ERROR] ERROR TypeError: Cannot read properties of undefined (reading 'cart_items')
    at template (https://practicesoftwaretesting.com/chunk-INL72T3J.js:1:29496)
    at Vm (https://practicesoftwaretesting.com/chunk-JBAH3FYV.js:7:39700)
    at GC (https://practicesoftwaretesting.com/chunk-JBAH3FYV.js:7:48997)
    at rd (https://practicesoftwaretesting.com/chunk-JBAH3FYV.js:7:50165)
    at Xm (https://practicesoftwaretesting.com/chunk-JBAH3FYV.js:7:49997)
    at WC (https://practicesoftwaretesting.com/chunk-JBAH3FYV.js:7:49953)
    at ev (https://practicesoftwaretesting.com/chunk-JBAH3FYV.js:7:50344)
    at GC (https://practicesoftwaretesting.com/chunk-JBAH3FYV.js:7:49352)
    at rd (https://practicesoftwaretesting.com/chunk-JBAH3FYV.js:7:50165)
    at Xm (https://practicesoftwaretesting.com/chunk-JBAH3FYV.js:7:49997) @ https://practicesoftwaretesting.com/chunk-JBAH3FYV.js:6
[     342ms] [ERROR] ERROR TypeError: Cannot read properties of undefined (reading 'cart_items')
    at template (https://practicesoftwaretesting.com/chunk-INL72T3J.js:1:29496)
    at Vm (https://practicesoftwaretesting.com/chunk-JBAH3FYV.js:7:39700)
    at GC (https://practicesoftwaretesting.com/chunk-JBAH3FYV.js:7:48997)
    at rd (https://practicesoftwaretesting.com/chunk-JBAH3FYV.js:7:50165)
    at Xm (https://practicesoftwaretesting.com/chunk-JBAH3FYV.js:7:49997)
    at WC (https://practicesoftwaretesting.com/chunk-JBAH3FYV.js:7:49953)
    at ev (https://practicesoftwaretesting.com/chunk-JBAH3FYV.js:7:50344)
    at GC (https://practicesoftwaretesting.com/chunk-JBAH3FYV.js:7:49352)
    at rd (https://practicesoftwaretesting.com/chunk-JBAH3FYV.js:7:50165)
    at Xm (https://practicesoftwaretesting.com/chunk-JBAH3FYV.js:7:49997) @ https://practicesoftwaretesting.com/chunk-JBAH3FYV.js:6
[     343ms] [ERROR] ERROR TypeError: Cannot read properties of undefined (reading 'cart_items')
    at template (https://practicesoftwaretesting.com/chunk-INL72T3J.js:1:29496)
    at Vm (https://practicesoftwaretesting.com/chunk-JBAH3FYV.js:7:39700)
    at GC (https://practicesoftwaretesting.com/chunk-JBAH3FYV.js:7:48997)
    at rd (https://practicesoftwaretesting.com/chunk-JBAH3FYV.js:7:50165)
    at Xm (https://practicesoftwaretesting.com/chunk-JBAH3FYV.js:7:49997)
    at WC (https://practicesoftwaretesting.com/chunk-JBAH3FYV.js:7:49953)
    at ev (https://practicesoftwaretesting.com/chunk-JBAH3FYV.js:7:50344)
    at GC (https://practicesoftwaretesting.com/chunk-JBAH3FYV.js:7:49352)
    at rd (https://practicesoftwaretesting.com/chunk-JBAH3FYV.js:7:50165)
    at Xm (https://practicesoftwaretesting.com/chunk-JBAH3FYV.js:7:49997) @ https://practicesoftwaretesting.com/chunk-JBAH3FYV.js:6
[     356ms] [ERROR] ERROR TypeError: Cannot read properties of undefined (reading 'cart_items')
    at template (https://practicesoftwaretesting.com/chunk-INL72T3J.js:1:29496)
    at Vm (https://practicesoftwaretesting.com/chunk-JBAH3FYV.js:7:39700)
    at GC (https://practicesoftwaretesting.com/chunk-JBAH3FYV.js:7:48997)
    at rd (https://practicesoftwaretesting.com/chunk-JBAH3FYV.js:7:50165)
    at Xm (https://practicesoftwaretesting.com/chunk-JBAH3FYV.js:7:49997)
    at WC (https://practicesoftwaretesting.com/chunk-JBAH3FYV.js:7:49953)
    at ev (https://practicesoftwaretesting.com/chunk-JBAH3FYV.js:7:50344)
    at GC (https://practicesoftwaretesting.com/chunk-JBAH3FYV.js:7:49352)
    at rd (https://practicesoftwaretesting.com/chunk-JBAH3FYV.js:7:50165)
    at Xm (https://practicesoftwaretesting.com/chunk-JBAH3FYV.js:7:49997) @ https://practicesoftwaretesting.com/chunk-JBAH3FYV.js:6
[     356ms] [ERROR] ERROR TypeError: Cannot read properties of undefined (reading 'cart_items')
    at template (https://practicesoftwaretesting.com/chunk-INL72T3J.js:1:29496)
    at Vm (https://practicesoftwaretesting.com/chunk-JBAH3FYV.js:7:39700)
    at GC (https://practicesoftwaretesting.com/chunk-JBAH3FYV.js:7:48997)
    at rd (https://practicesoftwaretesting.com/chunk-JBAH3FYV.js:7:50165)
    at Xm (https://practicesoftwaretesting.com/chunk-JBAH3FYV.js:7:49997)
    at WC (https://practicesoftwaretesting.com/chunk-JBAH3FYV.js:7:49953)
    at ev (https://practicesoftwaretesting.com/chunk-JBAH3FYV.js:7:50344)
    at GC (https://practicesoftwaretesting.com/chunk-JBAH3FYV.js:7:49352)
    at rd (https://practicesoftwaretesting.com/chunk-JBAH3FYV.js:7:50165)
    at Xm (https://practicesoftwaretesting.com/chunk-JBAH3FYV.js:7:49997) @ https://practicesoftwaretesting.com/chunk-JBAH3FYV.js:6
[     357ms] [ERROR] ERROR TypeError: Cannot read properties of undefined (reading 'cart_items')
    at template (https://practicesoftwaretesting.com/chunk-INL72T3J.js:1:29496)
    at Vm (https://practicesoftwaretesting.com/chunk-JBAH3FYV.js:7:39700)
    at GC (https://practicesoftwaretesting.com/chunk-JBAH3FYV.js:7:48997)
    at rd (https://practicesoftwaretesting.com/chunk-JBAH3FYV.js:7:50165)
    at Xm (https://practicesoftwaretesting.com/chunk-JBAH3FYV.js:7:49997)
    at WC (https://practicesoftwaretesting.com/chunk-JBAH3FYV.js:7:49953)
    at ev (https://practicesoftwaretesting.com/chunk-JBAH3FYV.js:7:50344)
    at GC (https://practicesoftwaretesting.com/chunk-JBAH3FYV.js:7:49352)
    at rd (https://practicesoftwaretesting.com/chunk-JBAH3FYV.js:7:50165)
    at Xm (https://practicesoftwaretesting.com/chunk-JBAH3FYV.js:7:49997) @ https://practicesoftwaretesting.com/chunk-JBAH3FYV.js:6
[     358ms] [ERROR] ERROR TypeError: Cannot read properties of undefined (reading 'cart_items')
    at template (https://practicesoftwaretesting.com/chunk-INL72T3J.js:1:29496)
    at Vm (https://practicesoftwaretesting.com/chunk-JBAH3FYV.js:7:39700)
    at GC (https://practicesoftwaretesting.com/chunk-JBAH3FYV.js:7:48997)
    at rd (https://practicesoftwaretesting.com/chunk-JBAH3FYV.js:7:50165)
    at Xm (https://practicesoftwaretesting.com/chunk-JBAH3FYV.js:7:49997)
    at WC (https://practicesoftwaretesting.com/chunk-JBAH3FYV.js:7:49953)
    at ev (https://practicesoftwaretesting.com/chunk-JBAH3FYV.js:7:50344)
    at GC (https://practicesoftwaretesting.com/chunk-JBAH3FYV.js:7:49352)
    at rd (https://practicesoftwaretesting.com/chunk-JBAH3FYV.js:7:50165)
    at Xm (https://practicesoftwaretesting.com/chunk-JBAH3FYV.js:7:49997) @ https://practicesoftwaretesting.com/chunk-JBAH3FYV.js:6
[     359ms] [ERROR] ERROR TypeError: Cannot read properties of undefined (reading 'cart_items')
    at template (https://practicesoftwaretesting.com/chunk-INL72T3J.js:1:29496)
    at Vm (https://practicesoftwaretesting.com/chunk-JBAH3FYV.js:7:39700)
    at GC (https://practicesoftwaretesting.com/chunk-JBAH3FYV.js:7:48997)
    at rd (https://practicesoftwaretesting.com/chunk-JBAH3FYV.js:7:50165)
    at Xm (https://practicesoftwaretesting.com/chunk-JBAH3FYV.js:7:49997)
    at WC (https://practicesoftwaretesting.com/chunk-JBAH3FYV.js:7:49953)
    at ev (https://practicesoftwaretesting.com/chunk-JBAH3FYV.js:7:50344)
    at GC (https://practicesoftwaretesting.com/chunk-JBAH3FYV.js:7:49352)
    at rd (https://practicesoftwaretesting.com/chunk-JBAH3FYV.js:7:50165)
    at Xm (https://practicesoftwaretesting.com/chunk-JBAH3FYV.js:7:49997) @ https://practicesoftwaretesting.com/chunk-JBAH3FYV.js:6
[     360ms] [ERROR] ERROR TypeError: Cannot read properties of undefined (reading 'cart_items')
    at template (https://practicesoftwaretesting.com/chunk-INL72T3J.js:1:29496)
    at Vm (https://practicesoftwaretesting.com/chunk-JBAH3FYV.js:7:39700)
    at GC (https://practicesoftwaretesting.com/chunk-JBAH3FYV.js:7:48997)
    at rd (https://practicesoftwaretesting.com/chunk-JBAH3FYV.js:7:50165)
    at Xm (https://practicesoftwaretesting.com/chunk-JBAH3FYV.js:7:49997)
    at WC (https://practicesoftwaretesting.com/chunk-JBAH3FYV.js:7:49953)
    at ev (https://practicesoftwaretesting.com/chunk-JBAH3FYV.js:7:50344)
    at GC (https://practicesoftwaretesting.com/chunk-JBAH3FYV.js:7:49352)
    at rd (https://practicesoftwaretesting.com/chunk-JBAH3FYV.js:7:50165)
    at Xm (https://practicesoftwaretesting.com/chunk-JBAH3FYV.js:7:49997) @ https://practicesoftwaretesting.com/chunk-JBAH3FYV.js:6
[     361ms] [ERROR] ERROR TypeError: Cannot read properties of undefined (reading 'cart_items')
    at template (https://practicesoftwaretesting.com/chunk-INL72T3J.js:1:29496)
    at Vm (https://practicesoftwaretesting.com/chunk-JBAH3FYV.js:7:39700)
    at GC (https://practicesoftwaretesting.com/chunk-JBAH3FYV.js:7:48997)
    at rd (https://practicesoftwaretesting.com/chunk-JBAH3FYV.js:7:50165)
    at Xm (https://practicesoftwaretesting.com/chunk-JBAH3FYV.js:7:49997)
    at WC (https://practicesoftwaretesting.com/chunk-JBAH3FYV.js:7:49953)
    at ev (https://practicesoftwaretesting.com/chunk-JBAH3FYV.js:7:50344)
    at GC (https://practicesoftwaretesting.com/chunk-JBAH3FYV.js:7:49352)
    at rd (https://practicesoftwaretesting.com/chunk-JBAH3FYV.js:7:50165)
    at Xm (https://practicesoftwaretesting.com/chunk-JBAH3FYV.js:7:49997) @ https://practicesoftwaretesting.com/chunk-JBAH3FYV.js:6
[     362ms] [ERROR] ERROR TypeError: Cannot read properties of undefined (reading 'cart_items')
    at template (https://practicesoftwaretesting.com/chunk-INL72T3J.js:1:29496)
    at Vm (https://practicesoftwaretesting.com/chunk-JBAH3FYV.js:7:39700)
    at GC (https://practicesoftwaretesting.com/chunk-JBAH3FYV.js:7:48997)
    at rd (https://practicesoftwaretesting.com/chunk-JBAH3FYV.js:7:50165)
    at Xm (https://practicesoftwaretesting.com/chunk-JBAH3FYV.js:7:49997)
    at WC (https://practicesoftwaretesting.com/chunk-JBAH3FYV.js:7:49953)
    at ev (https://practicesoftwaretesting.com/chunk-JBAH3FYV.js:7:50344)
    at GC (https://practicesoftwaretesting.com/chunk-JBAH3FYV.js:7:49352)
    at rd (https://practicesoftwaretesting.com/chunk-JBAH3FYV.js:7:50165)
    at Xm (https://practicesoftwaretesting.com/chunk-JBAH3FYV.js:7:49997) @ https://practicesoftwaretesting.com/chunk-JBAH3FYV.js:6
[     363ms] [ERROR] ERROR TypeError: Cannot read properties of undefined (reading 'cart_items')
    at template (https://practicesoftwaretesting.com/chunk-INL72T3J.js:1:29496)
    at Vm (https://practicesoftwaretesting.com/chunk-JBAH3FYV.js:7:39700)
    at GC (https://practicesoftwaretesting.com/chunk-JBAH3FYV.js:7:48997)
    at rd (https://practicesoftwaretesting.com/chunk-JBAH3FYV.js:7:50165)
    at Xm (https://practicesoftwaretesting.com/chunk-JBAH3FYV.js:7:49997)
    at WC (https://practicesoftwaretesting.com/chunk-JBAH3FYV.js:7:49953)
    at ev (https://practicesoftwaretesting.com/chunk-JBAH3FYV.js:7:50344)
    at GC (https://practicesoftwaretesting.com/chunk-JBAH3FYV.js:7:49352)
    at rd (https://practicesoftwaretesting.com/chunk-JBAH3FYV.js:7:50165)
    at Xm (https://practicesoftwaretesting.com/chunk-JBAH3FYV.js:7:49997) @ https://practicesoftwaretesting.com/chunk-JBAH3FYV.js:6
[     364ms] [ERROR] Failed to load resource: the server responded with a status of 401 () @ https://api.practicesoftwaretesting.com/users/me:0
[     365ms] [ERROR] ERROR TypeError: Cannot read properties of undefined (reading 'cart_items')
    at template (https://practicesoftwaretesting.com/chunk-INL72T3J.js:1:29496)
    at Vm (https://practicesoftwaretesting.com/chunk-JBAH3FYV.js:7:39700)
    at GC (https://practicesoftwaretesting.com/chunk-JBAH3FYV.js:7:48997)
    at rd (https://practicesoftwaretesting.com/chunk-JBAH3FYV.js:7:50165)
    at Xm (https://practicesoftwaretesting.com/chunk-JBAH3FYV.js:7:49997)
    at WC (https://practicesoftwaretesting.com/chunk-JBAH3FYV.js:7:49953)
    at ev (https://practicesoftwaretesting.com/chunk-JBAH3FYV.js:7:50344)
    at GC (https://practicesoftwaretesting.com/chunk-JBAH3FYV.js:7:49352)
    at rd (https://practicesoftwaretesting.com/chunk-JBAH3FYV.js:7:50165)
    at Xm (https://practicesoftwaretesting.com/chunk-JBAH3FYV.js:7:49997) @ https://practicesoftwaretesting.com/chunk-JBAH3FYV.js:6
[     366ms] [ERROR] ERROR TypeError: Cannot read properties of undefined (reading 'cart_items')
    at template (https://practicesoftwaretesting.com/chunk-INL72T3J.js:1:29496)
    at Vm (https://practicesoftwaretesting.com/chunk-JBAH3FYV.js:7:39700)
    at GC (https://practicesoftwaretesting.com/chunk-JBAH3FYV.js:7:48997)
    at rd (https://practicesoftwaretesting.com/chunk-JBAH3FYV.js:7:50165)
    at Xm (https://practicesoftwaretesting.com/chunk-JBAH3FYV.js:7:49997)
    at WC (https://practicesoftwaretesting.com/chunk-JBAH3FYV.js:7:49953)
    at ev (https://practicesoftwaretesting.com/chunk-JBAH3FYV.js:7:50344)
    at GC (https://practicesoftwaretesting.com/chunk-JBAH3FYV.js:7:49352)
    at rd (https://practicesoftwaretesting.com/chunk-JBAH3FYV.js:7:50165)
    at Xm (https://practicesoftwaretesting.com/chunk-JBAH3FYV.js:7:49997) @ https://practicesoftwaretesting.com/chunk-JBAH3FYV.js:6
[     368ms] [ERROR] ERROR TypeError: Cannot read properties of undefined (reading 'cart_items')
    at template (https://practicesoftwaretesting.com/chunk-INL72T3J.js:1:29496)
    at Vm (https://practicesoftwaretesting.com/chunk-JBAH3FYV.js:7:39700)
    at GC (https://practicesoftwaretesting.com/chunk-JBAH3FYV.js:7:48997)
    at rd (https://practicesoftwaretesting.com/chunk-JBAH3FYV.js:7:50165)
    at Xm (https://practicesoftwaretesting.com/chunk-JBAH3FYV.js:7:49997)
    at WC (https://practicesoftwaretesting.com/chunk-JBAH3FYV.js:7:49953)
    at ev (https://practicesoftwaretesting.com/chunk-JBAH3FYV.js:7:50344)
    at GC (https://practicesoftwaretesting.com/chunk-JBAH3FYV.js:7:49352)
    at rd (https://practicesoftwaretesting.com/chunk-JBAH3FYV.js:7:50165)
    at Xm (https://practicesoftwaretesting.com/chunk-JBAH3FYV.js:7:49997) @ https://practicesoftwaretesting.com/chunk-JBAH3FYV.js:6
[     370ms] [ERROR] ERROR TypeError: Cannot read properties of undefined (reading 'cart_items')
    at template (https://practicesoftwaretesting.com/chunk-INL72T3J.js:1:29496)
    at Vm (https://practicesoftwaretesting.com/chunk-JBAH3FYV.js:7:39700)
    at GC (https://practicesoftwaretesting.com/chunk-JBAH3FYV.js:7:48997)
    at rd (https://practicesoftwaretesting.com/chunk-JBAH3FYV.js:7:50165)
    at Xm (https://practicesoftwaretesting.com/chunk-JBAH3FYV.js:7:49997)
    at WC (https://practicesoftwaretesting.com/chunk-JBAH3FYV.js:7:49953)
    at ev (https://practicesoftwaretesting.com/chunk-JBAH3FYV.js:7:50344)
    at GC (https://practicesoftwaretesting.com/chunk-JBAH3FYV.js:7:49352)
    at rd (https://practicesoftwaretesting.com/chunk-JBAH3FYV.js:7:50165)
    at Xm (https://practicesoftwaretesting.com/chunk-JBAH3FYV.js:7:49997) @ https://practicesoftwaretesting.com/chunk-JBAH3FYV.js:6
[     370ms] [ERROR] ERROR TypeError: Cannot read properties of undefined (reading 'cart_items')
    at template (https://practicesoftwaretesting.com/chunk-INL72T3J.js:1:29496)
    at Vm (https://practicesoftwaretesting.com/chunk-JBAH3FYV.js:7:39700)
    at GC (https://practicesoftwaretesting.com/chunk-JBAH3FYV.js:7:48997)
    at rd (https://practicesoftwaretesting.com/chunk-JBAH3FYV.js:7:50165)
    at Xm (https://practicesoftwaretesting.com/chunk-JBAH3FYV.js:7:49997)
    at WC (https://practicesoftwaretesting.com/chunk-JBAH3FYV.js:7:49953)
    at ev (https://practicesoftwaretesting.com/chunk-JBAH3FYV.js:7:50344)
    at GC (https://practicesoftwaretesting.com/chunk-JBAH3FYV.js:7:49352)
    at rd (https://practicesoftwaretesting.com/chunk-JBAH3FYV.js:7:50165)
    at Xm (https://practicesoftwaretesting.com/chunk-JBAH3FYV.js:7:49997) @ https://practicesoftwaretesting.com/chunk-JBAH3FYV.js:6
[     371ms] [ERROR] ERROR TypeError: Cannot read properties of undefined (reading 'cart_items')
    at template (https://practicesoftwaretesting.com/chunk-INL72T3J.js:1:29496)
    at Vm (https://practicesoftwaretesting.com/chunk-JBAH3FYV.js:7:39700)
    at GC (https://practicesoftwaretesting.com/chunk-JBAH3FYV.js:7:48997)
    at rd (https://practicesoftwaretesting.com/chunk-JBAH3FYV.js:7:50165)
    at Xm (https://practicesoftwaretesting.com/chunk-JBAH3FYV.js:7:49997)
    at WC (https://practicesoftwaretesting.com/chunk-JBAH3FYV.js:7:49953)
    at ev (https://practicesoftwaretesting.com/chunk-JBAH3FYV.js:7:50344)
    at GC (https://practicesoftwaretesting.com/chunk-JBAH3FYV.js:7:49352)
    at rd (https://practicesoftwaretesting.com/chunk-JBAH3FYV.js:7:50165)
    at Xm (https://practicesoftwaretesting.com/chunk-JBAH3FYV.js:7:49997) @ https://practicesoftwaretesting.com/chunk-JBAH3FYV.js:6
[     416ms] [ERROR] Failed to load resource: the server responded with a status of 401 () @ https://api.practicesoftwaretesting.com/users/me:0
[     417ms] [ERROR] ERROR TypeError: Cannot read properties of undefined (reading 'cart_items')
    at template (https://practicesoftwaretesting.com/chunk-INL72T3J.js:1:29496)
    at Vm (https://practicesoftwaretesting.com/chunk-JBAH3FYV.js:7:39700)
    at GC (https://practicesoftwaretesting.com/chunk-JBAH3FYV.js:7:48997)
    at rd (https://practicesoftwaretesting.com/chunk-JBAH3FYV.js:7:50165)
    at Xm (https://practicesoftwaretesting.com/chunk-JBAH3FYV.js:7:49997)
    at WC (https://practicesoftwaretesting.com/chunk-JBAH3FYV.js:7:49953)
    at ev (https://practicesoftwaretesting.com/chunk-JBAH3FYV.js:7:50344)
    at GC (https://practicesoftwaretesting.com/chunk-JBAH3FYV.js:7:49352)
    at rd (https://practicesoftwaretesting.com/chunk-JBAH3FYV.js:7:50165)
    at Xm (https://practicesoftwaretesting.com/chunk-JBAH3FYV.js:7:49997) @ https://practicesoftwaretesting.com/chunk-JBAH3FYV.js:6
[     418ms] [ERROR] ERROR TypeError: Cannot read properties of undefined (reading 'cart_items')
    at template (https://practicesoftwaretesting.com/chunk-INL72T3J.js:1:29496)
    at Vm (https://practicesoftwaretesting.com/chunk-JBAH3FYV.js:7:39700)
    at GC (https://practicesoftwaretesting.com/chunk-JBAH3FYV.js:7:48997)
    at rd (https://practicesoftwaretesting.com/chunk-JBAH3FYV.js:7:50165)
    at Xm (https://practicesoftwaretesting.com/chunk-JBAH3FYV.js:7:49997)
    at WC (https://practicesoftwaretesting.com/chunk-JBAH3FYV.js:7:49953)
    at ev (https://practicesoftwaretesting.com/chunk-JBAH3FYV.js:7:50344)
    at GC (https://practicesoftwaretesting.com/chunk-JBAH3FYV.js:7:49352)
    at rd (https://practicesoftwaretesting.com/chunk-JBAH3FYV.js:7:50165)
    at Xm (https://practicesoftwaretesting.com/chunk-JBAH3FYV.js:7:49997) @ https://practicesoftwaretesting.com/chunk-JBAH3FYV.js:6
[     419ms] [ERROR] ERROR TypeError: Cannot read properties of undefined (reading 'cart_items')
    at template (https://practicesoftwaretesting.com/chunk-INL72T3J.js:1:29496)
    at Vm (https://practicesoftwaretesting.com/chunk-JBAH3FYV.js:7:39700)
    at GC (https://practicesoftwaretesting.com/chunk-JBAH3FYV.js:7:48997)
    at rd (https://practicesoftwaretesting.com/chunk-JBAH3FYV.js:7:50165)
    at Xm (https://practicesoftwaretesting.com/chunk-JBAH3FYV.js:7:49997)
    at WC (https://practicesoftwaretesting.com/chunk-JBAH3FYV.js:7:49953)
    at ev (https://practicesoftwaretesting.com/chunk-JBAH3FYV.js:7:50344)
    at GC (https://practicesoftwaretesting.com/chunk-JBAH3FYV.js:7:49352)
    at rd (https://practicesoftwaretesting.com/chunk-JBAH3FYV.js:7:50165)
    at Xm (https://practicesoftwaretesting.com/chunk-JBAH3FYV.js:7:49997) @ https://practicesoftwaretesting.com/chunk-JBAH3FYV.js:6
[     419ms] [ERROR] ERROR {message: Unauthorized} @ https://practicesoftwaretesting.com/chunk-JBAH3FYV.js:6
[     703ms] [VERBOSE] [DOM] Input elements should have autocomplete attributes (suggested: "current-password"): (More info: https://goo.gl/9p2vKq) %o @ https://practicesoftwaretesting.com/checkout:0
[     729ms] [ERROR] Failed to load resource: the server responded with a status of 401 () @ https://api.practicesoftwaretesting.com/users/me:0
[     734ms] [ERROR] ERROR {message: Unauthorized} @ https://practicesoftwaretesting.com/chunk-JBAH3FYV.js:6
